// Jest Snapshot v1, https://goo.gl/fbAQLP

exports[`App component renders App 1`] = `
<DocumentFragment>
  <img
    alt="Loading"
    src="http://static.demilked.com/wp-content/uploads/2016/06/gif-animations-replace-loading-screen-14.gif"
  />
</DocumentFragment>
`;
